[      64ms] [ERROR] Failed to load resource: the server responded with a status of 500 (Internal Server Error) @ http://localhost:3000/:0
[     398ms] [INFO] %cDownload the React DevTools for a better development experience: https://react.dev/link/react-devtools font-weight:bold @ webpack-internal:///(pages-dir-browser)/./node_modules/react-dom/cjs/react-dom-client.development.js:28004
[     409ms] ModuleBuildError: Module build failed (from ./node_modules/next/dist/build/webpack/loaders/postcss-loader/src/index.js):
Error: Cannot find module 'autoprefixer'
Require stack:
- C:\Users\Visha\Desktop\my_space\employee_directory\node_modules\next\dist\build\webpack\config\blocks\css\plugins.js
- C:\Users\Visha\Desktop\my_space\employee_directory\node_modules\next\dist\build\webpack\config\blocks\css\index.js
- C:\Users\Visha\Desktop\my_space\employee_directory\node_modules\next\dist\build\webpack\config\index.js
- C:\Users\Visha\Desktop\my_space\employee_directory\node_modules\next\dist\build\webpack-config.js
- C:\Users\Visha\Desktop\my_space\employee_directory\node_modules\next\dist\server\dev\hot-reloader-webpack.js
- C:\Users\Visha\Desktop\my_space\employee_directory\node_modules\next\dist\server\lib\router-utils\setup-dev-bundler.js
- C:\Users\Visha\Desktop\my_space\employee_directory\node_modules\next\dist\server\lib\router-server.js
- C:\Users\Visha\Desktop\my_space\employee_directory\node_modules\next\dist\server\lib\start-server.js
    at Module.<anonymous> (node:internal/modules/cjs/loader:1421:15)
    at C:\Users\Visha\Desktop\my_space\employee_directory\node_modules\next\dist\server\require-hook.js:55:36
    at require.resolve (node:internal/modules/helpers:163:19)
    at loadPlugin (C:\Users\Visha\Desktop\my_space\employee_directory\node_modules\next\dist\build\webpack\config\blocks\css\plugins.js:53:32)
    at C:\Users\Visha\Desktop\my_space\employee_directory\node_modules\next\dist\build\webpack\config\blocks\css\plugins.js:185:56
    at Array.map (<anonymous>)
    at getPostCssPlugins (C:\Users\Visha\Desktop\my_space\employee_directory\node_modules\next\dist\build\webpack\config\blocks\css\plugins.js:185:47)
    at async C:\Users\Visha\Desktop\my_space\employee_directory\node_modules\next\dist\build\webpack\config\blocks\css\index.js:125:36
    at async C:\Users\Visha\Desktop\my_space\employee_directory\node_modules\next\dist\build\webpack\loaders\postcss-loader\src\index.js:52:40
    at async Span.traceAsyncFn (C:\Users\Visha\Desktop\my_space\employee_directory\node_modules\next\dist\trace\trace.js:157:20)
    at Module.<anonymous> (node:internal/modules/cjs/loader:1421:15)
    at C:\Users\Visha\Desktop\my_space\employee_directory\node_modules\next\dist\server\require-hook.js:55:36
    at require.resolve (node:internal/modules/helpers:163:19)
    at loadPlugin (C:\Users\Visha\Desktop\my_space\employee_directory\node_modules\next\dist\build\webpack\config\blocks\css\plugins.js:53:32)
    at C:\Users\Visha\Desktop\my_space\employee_directory\node_modules\next\dist\build\webpack\config\blocks\css\plugins.js:185:56
    at Array.map (<anonymous>)
    at getPostCssPlugins (C:\Users\Visha\Desktop\my_space\employee_directory\node_modules\next\dist\build\webpack\config\blocks\css\plugins.js:185:47)
    at async C:\Users\Visha\Desktop\my_space\employee_directory\node_modules\next\dist\build\webpack\config\blocks\css\index.js:125:36
    at async C:\Users\Visha\Desktop\my_space\employee_directory\node_modules\next\dist\build\webpack\loaders\postcss-loader\src\index.js:52:40
    at async Span.traceAsyncFn (C:\Users\Visha\Desktop\my_space\employee_directory\node_modules\next\dist\trace\trace.js:157:20)
    at Module.<anonymous> (node:internal/modules/cjs/loader:1421:15)
    at <unknown> (file://C:\Users\Visha\Desktop\my_space\employee_directory\node_modules\next\dist\server\require-hook.js:55:36)
    at require.resolve (node:internal/modules/helpers:163:19)
    at loadPlugin (file://C:\Users\Visha\Desktop\my_space\employee_directory\node_modules\next\dist\build\webpack\config\blocks\css\plugins.js:53:32)
    at <unknown> (file://C:\Users\Visha\Desktop\my_space\employee_directory\node_modules\next\dist\build\webpack\config\blocks\css\plugins.js:185:56)
    at Array.map (<anonymous>)
    at getPostCssPlugins (file://C:\Users\Visha\Desktop\my_space\employee_directory\node_modules\next\dist\build\webpack\config\blocks\css\plugins.js:185:47)
    at async (file://C:\Users\Visha\Desktop\my_space\employee_directory\node_modules\next\dist\build\webpack\config\blocks\css\index.js:125:36)
    at async (file://C:\Users\Visha\Desktop\my_space\employee_directory\node_modules\next\dist\build\webpack\loaders\postcss-loader\src\index.js:52:40)
    at async Span.traceAsyncFn (file://C:\Users\Visha\Desktop\my_space\employee_directory\node_modules\next\dist\trace\trace.js:157:20)
    at processResult (file://C:\Users\Visha\Desktop\my_space\employee_directory\node_modules\next\dist\compiled\webpack\bundle5.js:29:407111)
    at <unknown> (file://C:\Users\Visha\Desktop\my_space\employee_directory\node_modules\next\dist\compiled\webpack\bundle5.js:29:408906)
    at <unknown> (file://C:\Users\Visha\Desktop\my_space\employee_directory\node_modules\next\dist\compiled\loader-runner\LoaderRunner.js:1:8645)
    at <unknown> (file://C:\Users\Visha\Desktop\my_space\employee_directory\node_modules\next\dist\compiled\loader-runner\LoaderRunner.js:1:5828)
    at r.callback (file://C:\Users\Visha\Desktop\my_space\employee_directory\node_modules\next\dist\compiled\loader-runner\LoaderRunner.js:1:4039)
    at <unknown> (file://C:\Users\Visha\Desktop\my_space\employee_directory\node_modules\next\dist\build\webpack\loaders\postcss-loader\src\index.js:122:37)
    at process.processTicksAndRejections (node:internal/process/task_queues:103:5)
[     405ms] [LOG] [HMR] connected @ webpack-internal:///(pages-dir-browser)/./node_modules/next/dist/client/components/react-dev-overlay/pages/websocket.js:41
[     406ms] [ERROR] ./node_modules/@radix-ui/react-dialog/dist/index.mjs
Error: ENOENT: no such file or directory, open 'C:\Users\Visha\Desktop\my_space\employee_directory\node_modules\@radix-ui\react-dialog\dist\index.mjs' @ webpack-internal:///(pages-dir-browser)/./node_modules/next/dist/client/components/react-dev-overlay/pages/client.js:85
[     406ms] [ERROR] ./node_modules/@radix-ui/react-select/dist/index.mjs
Error: ENOENT: no such file or directory, open 'C:\Users\Visha\Desktop\my_space\employee_directory\node_modules\@radix-ui\react-select\dist\index.mjs' @ webpack-internal:///(pages-dir-browser)/./node_modules/next/dist/client/components/react-dev-overlay/pages/client.js:85
[     406ms] [ERROR] ./node_modules/@radix-ui/react-slot/dist/index.mjs
Error: ENOENT: no such file or directory, open 'C:\Users\Visha\Desktop\my_space\employee_directory\node_modules\@radix-ui\react-slot\dist\index.mjs' @ webpack-internal:///(pages-dir-browser)/./node_modules/next/dist/client/components/react-dev-overlay/pages/client.js:85
[     406ms] [ERROR] ./node_modules/@radix-ui/react-slot/dist/index.mjs
Error: ENOENT: no such file or directory, open 'C:\Users\Visha\Desktop\my_space\employee_directory\node_modules\@radix-ui\react-slot\dist\index.mjs' @ webpack-internal:///(pages-dir-browser)/./node_modules/next/dist/client/components/react-dev-overlay/pages/client.js:85
[     406ms] [WARNING] [HMR] Invalid message: {"action":"isrManifest","data":{}}
TypeError: Cannot read properties of undefined (reading '__N_SSP')
    at handleStaticIndicator (webpack-internal:///(pages-dir-browser)/./node_modules/next/dist/client/components/react-dev-overlay/pages/hot-reloader-client.js:229:124)
    at processMessage (webpack-internal:///(pages-dir-browser)/./node_modules/next/dist/client/components/react-dev-overlay/pages/hot-reloader-client.js:244:17)
    at eval (webpack-internal:///(pages-dir-browser)/./node_modules/next/dist/client/components/react-dev-overlay/pages/hot-reloader-client.js:70:13)
    at WebSocket.handleMessage (webpack-internal:///(pages-dir-browser)/./node_modules/next/dist/client/components/react-dev-overlay/pages/websocket.js:65:17) @ webpack-internal:///(pages-dir-browser)/./node_modules/next/dist/client/components/react-dev-overlay/pages/hot-reloader-client.js:72
[    4811ms] [ERROR] WebSocket connection to 'ws://localhost:3000/_next/webpack-hmr' failed: Error in connection establishment: net::ERR_CONNECTION_REFUSED @ webpack-internal:///(pages-dir-browser)/./node_modules/next/dist/client/components/react-dev-overlay/pages/websocket.js:84
[    8179ms] [ERROR] WebSocket connection to 'ws://localhost:3000/_next/webpack-hmr' failed: Error in connection establishment: net::ERR_CONNECTION_REFUSED @ webpack-internal:///(pages-dir-browser)/./node_modules/next/dist/client/components/react-dev-overlay/pages/websocket.js:84
[   11543ms] [ERROR] WebSocket connection to 'ws://localhost:3000/_next/webpack-hmr' failed: Error in connection establishment: net::ERR_CONNECTION_REFUSED @ webpack-internal:///(pages-dir-browser)/./node_modules/next/dist/client/components/react-dev-overlay/pages/websocket.js:84
[   14891ms] [ERROR] WebSocket connection to 'ws://localhost:3000/_next/webpack-hmr' failed: Error in connection establishment: net::ERR_CONNECTION_REFUSED @ webpack-internal:///(pages-dir-browser)/./node_modules/next/dist/client/components/react-dev-overlay/pages/websocket.js:84
[   18274ms] [ERROR] WebSocket connection to 'ws://localhost:3000/_next/webpack-hmr' failed: Error in connection establishment: net::ERR_CONNECTION_REFUSED @ webpack-internal:///(pages-dir-browser)/./node_modules/next/dist/client/components/react-dev-overlay/pages/websocket.js:84
[   25639ms] [ERROR] WebSocket connection to 'ws://localhost:3000/_next/webpack-hmr' failed: Error in connection establishment: net::ERR_CONNECTION_REFUSED @ webpack-internal:///(pages-dir-browser)/./node_modules/next/dist/client/components/react-dev-overlay/pages/websocket.js:84
[   32996ms] [ERROR] WebSocket connection to 'ws://localhost:3000/_next/webpack-hmr' failed: Error in connection establishment: net::ERR_CONNECTION_REFUSED @ webpack-internal:///(pages-dir-browser)/./node_modules/next/dist/client/components/react-dev-overlay/pages/websocket.js:84
[   42795ms] [LOG] [HMR] connected @ webpack-internal:///(pages-dir-browser)/./node_modules/next/dist/client/components/react-dev-overlay/pages/websocket.js:41
[   42797ms] [WARNING] [HMR] Invalid message: {"action":"isrManifest","data":{}}
TypeError: Cannot read properties of undefined (reading '__N_SSP')
    at handleStaticIndicator (webpack-internal:///(pages-dir-browser)/./node_modules/next/dist/client/components/react-dev-overlay/pages/hot-reloader-client.js:229:124)
    at processMessage (webpack-internal:///(pages-dir-browser)/./node_modules/next/dist/client/components/react-dev-overlay/pages/hot-reloader-client.js:244:17)
    at eval (webpack-internal:///(pages-dir-browser)/./node_modules/next/dist/client/components/react-dev-overlay/pages/hot-reloader-client.js:70:13)
    at WebSocket.handleMessage (webpack-internal:///(pages-dir-browser)/./node_modules/next/dist/client/components/react-dev-overlay/pages/websocket.js:65:17) @ webpack-internal:///(pages-dir-browser)/./node_modules/next/dist/client/components/react-dev-overlay/pages/hot-reloader-client.js:72
[   42824ms] [LOG] [Fast Refresh] rebuilding @ webpack-internal:///(pages-dir-browser)/./node_modules/next/dist/client/components/react-dev-overlay/pages/hot-reloader-client.js:251
[   43727ms] [LOG] [Fast Refresh] rebuilding @ webpack-internal:///(pages-dir-browser)/./node_modules/next/dist/client/components/react-dev-overlay/pages/hot-reloader-client.js:251
[   46112ms] [LOG] [Fast Refresh] rebuilding @ webpack-internal:///(pages-dir-browser)/./node_modules/next/dist/client/components/react-dev-overlay/pages/hot-reloader-client.js:251
[   46381ms] [WARNING] [HMR] Invalid message: {"action":"isrManifest","data":{}}
TypeError: Cannot read properties of undefined (reading '__N_SSP')
    at handleStaticIndicator (webpack-internal:///(pages-dir-browser)/./node_modules/next/dist/client/components/react-dev-overlay/pages/hot-reloader-client.js:229:124)
    at processMessage (webpack-internal:///(pages-dir-browser)/./node_modules/next/dist/client/components/react-dev-overlay/pages/hot-reloader-client.js:244:17)
    at eval (webpack-internal:///(pages-dir-browser)/./node_modules/next/dist/client/components/react-dev-overlay/pages/hot-reloader-client.js:70:13)
    at WebSocket.handleMessage (webpack-internal:///(pages-dir-browser)/./node_modules/next/dist/client/components/react-dev-overlay/pages/websocket.js:65:17) @ webpack-internal:///(pages-dir-browser)/./node_modules/next/dist/client/components/react-dev-overlay/pages/hot-reloader-client.js:72
[   47211ms] [WARNING] [Fast Refresh] performing full reload

Fast Refresh will perform a full reload when you edit a file that's imported by modules outside of the React rendering tree.
You might have a file which exports a React component but also exports a value that is imported by a non-React component file.
Consider migrating the non-React component export to a separate file and importing it into both files.

It is also possible the parent component of the component you edited is a class component, which disables Fast Refresh.
Fast Refresh requires at least one parent function component in your React tree. @ webpack-internal:///(pages-dir-browser)/./node_modules/next/dist/client/components/react-dev-overlay/pages/hot-reloader-client.js:390
[   47764ms] [INFO] %cDownload the React DevTools for a better development experience: https://react.dev/link/react-devtools font-weight:bold @ webpack-internal:///(app-pages-browser)/./node_modules/next/dist/compiled/react-dom/cjs/react-dom-client.development.js:24833
[   47934ms] [ERROR] %c%s%c Each child in a list should have a unique "key" prop.%s%s See https://react.dev/link/warning-keys for more information. background: #e6e6e6;background: light-dark(rgba(0,0,0,0.1), rgba(255,255,255,0.25));color: #000000;color: light-dark(#000000, #ffffff);border-radius: 2px  Server     @ webpack-internal:///(app-pages-browser)/./node_modules/next/dist/client/components/globals/intercept-console-error.js:51
