[      32ms] [WARNING] [HMR] Invalid message: {"action":"isrManifest","data":{}}
TypeError: Cannot read properties of undefined (reading '__N_SSP')
    at handleStaticIndicator (webpack-internal:///(pages-dir-browser)/./node_modules/next/dist/client/components/react-dev-overlay/pages/hot-reloader-client.js:229:124)
    at processMessage (webpack-internal:///(pages-dir-browser)/./node_modules/next/dist/client/components/react-dev-overlay/pages/hot-reloader-client.js:244:17)
    at eval (webpack-internal:///(pages-dir-browser)/./node_modules/next/dist/client/components/react-dev-overlay/pages/hot-reloader-client.js:70:13)
    at WebSocket.handleMessage (webpack-internal:///(pages-dir-browser)/./node_modules/next/dist/client/components/react-dev-overlay/pages/websocket.js:65:17) @ webpack-internal:///(pages-dir-browser)/./node_modules/next/dist/client/components/react-dev-overlay/pages/hot-reloader-client.js:72
[      49ms] [ERROR] Failed to load resource: the server responded with a status of 500 (Internal Server Error) @ http://localhost:3000/:0
[     355ms] [INFO] %cDownload the React DevTools for a better development experience: https://react.dev/link/react-devtools font-weight:bold @ webpack-internal:///(pages-dir-browser)/./node_modules/react-dom/cjs/react-dom-client.development.js:28004
[     375ms] ModuleBuildError: Module build failed (from ./node_modules/next/dist/build/webpack/loaders/postcss-loader/src/index.js):
Error: Cannot find module 'autoprefixer'
Require stack:
- C:\Users\Visha\Desktop\my_space\employee_directory\node_modules\next\dist\build\webpack\config\blocks\css\plugins.js
- C:\Users\Visha\Desktop\my_space\employee_directory\node_modules\next\dist\build\webpack\config\blocks\css\index.js
- C:\Users\Visha\Desktop\my_space\employee_directory\node_modules\next\dist\build\webpack\config\index.js
- C:\Users\Visha\Desktop\my_space\employee_directory\node_modules\next\dist\build\webpack-config.js
- C:\Users\Visha\Desktop\my_space\employee_directory\node_modules\next\dist\server\dev\hot-reloader-webpack.js
- C:\Users\Visha\Desktop\my_space\employee_directory\node_modules\next\dist\server\lib\router-utils\setup-dev-bundler.js
- C:\Users\Visha\Desktop\my_space\employee_directory\node_modules\next\dist\server\lib\router-server.js
- C:\Users\Visha\Desktop\my_space\employee_directory\node_modules\next\dist\server\lib\start-server.js
    at Module.<anonymous> (node:internal/modules/cjs/loader:1421:15)
    at C:\Users\Visha\Desktop\my_space\employee_directory\node_modules\next\dist\server\require-hook.js:55:36
    at require.resolve (node:internal/modules/helpers:163:19)
    at loadPlugin (C:\Users\Visha\Desktop\my_space\employee_directory\node_modules\next\dist\build\webpack\config\blocks\css\plugins.js:53:32)
    at C:\Users\Visha\Desktop\my_space\employee_directory\node_modules\next\dist\build\webpack\config\blocks\css\plugins.js:185:56
    at Array.map (<anonymous>)
    at getPostCssPlugins (C:\Users\Visha\Desktop\my_space\employee_directory\node_modules\next\dist\build\webpack\config\blocks\css\plugins.js:185:47)
    at async C:\Users\Visha\Desktop\my_space\employee_directory\node_modules\next\dist\build\webpack\config\blocks\css\index.js:125:36
    at async C:\Users\Visha\Desktop\my_space\employee_directory\node_modules\next\dist\build\webpack\loaders\postcss-loader\src\index.js:52:40
    at async Span.traceAsyncFn (C:\Users\Visha\Desktop\my_space\employee_directory\node_modules\next\dist\trace\trace.js:157:20)
    at Module.<anonymous> (node:internal/modules/cjs/loader:1421:15)
    at C:\Users\Visha\Desktop\my_space\employee_directory\node_modules\next\dist\server\require-hook.js:55:36
    at require.resolve (node:internal/modules/helpers:163:19)
    at loadPlugin (C:\Users\Visha\Desktop\my_space\employee_directory\node_modules\next\dist\build\webpack\config\blocks\css\plugins.js:53:32)
    at C:\Users\Visha\Desktop\my_space\employee_directory\node_modules\next\dist\build\webpack\config\blocks\css\plugins.js:185:56
    at Array.map (<anonymous>)
    at getPostCssPlugins (C:\Users\Visha\Desktop\my_space\employee_directory\node_modules\next\dist\build\webpack\config\blocks\css\plugins.js:185:47)
    at async C:\Users\Visha\Desktop\my_space\employee_directory\node_modules\next\dist\build\webpack\config\blocks\css\index.js:125:36
    at async C:\Users\Visha\Desktop\my_space\employee_directory\node_modules\next\dist\build\webpack\loaders\postcss-loader\src\index.js:52:40
    at async Span.traceAsyncFn (C:\Users\Visha\Desktop\my_space\employee_directory\node_modules\next\dist\trace\trace.js:157:20)
    at Module.<anonymous> (node:internal/modules/cjs/loader:1421:15)
    at <unknown> (file://C:\Users\Visha\Desktop\my_space\employee_directory\node_modules\next\dist\server\require-hook.js:55:36)
    at require.resolve (node:internal/modules/helpers:163:19)
    at loadPlugin (file://C:\Users\Visha\Desktop\my_space\employee_directory\node_modules\next\dist\build\webpack\config\blocks\css\plugins.js:53:32)
    at <unknown> (file://C:\Users\Visha\Desktop\my_space\employee_directory\node_modules\next\dist\build\webpack\config\blocks\css\plugins.js:185:56)
    at Array.map (<anonymous>)
    at getPostCssPlugins (file://C:\Users\Visha\Desktop\my_space\employee_directory\node_modules\next\dist\build\webpack\config\blocks\css\plugins.js:185:47)
    at async (file://C:\Users\Visha\Desktop\my_space\employee_directory\node_modules\next\dist\build\webpack\config\blocks\css\index.js:125:36)
    at async (file://C:\Users\Visha\Desktop\my_space\employee_directory\node_modules\next\dist\build\webpack\loaders\postcss-loader\src\index.js:52:40)
    at async Span.traceAsyncFn (file://C:\Users\Visha\Desktop\my_space\employee_directory\node_modules\next\dist\trace\trace.js:157:20)
    at processResult (file://C:\Users\Visha\Desktop\my_space\employee_directory\node_modules\next\dist\compiled\webpack\bundle5.js:29:407111)
    at <unknown> (file://C:\Users\Visha\Desktop\my_space\employee_directory\node_modules\next\dist\compiled\webpack\bundle5.js:29:408906)
    at <unknown> (file://C:\Users\Visha\Desktop\my_space\employee_directory\node_modules\next\dist\compiled\loader-runner\LoaderRunner.js:1:8645)
    at <unknown> (file://C:\Users\Visha\Desktop\my_space\employee_directory\node_modules\next\dist\compiled\loader-runner\LoaderRunner.js:1:5828)
    at r.callback (file://C:\Users\Visha\Desktop\my_space\employee_directory\node_modules\next\dist\compiled\loader-runner\LoaderRunner.js:1:4039)
    at <unknown> (file://C:\Users\Visha\Desktop\my_space\employee_directory\node_modules\next\dist\build\webpack\loaders\postcss-loader\src\index.js:122:37)
[     371ms] [LOG] [HMR] connected @ webpack-internal:///(pages-dir-browser)/./node_modules/next/dist/client/components/react-dev-overlay/pages/websocket.js:41
[     374ms] [ERROR] ./src/app/globals.css.webpack[javascript/auto]!=!./node_modules/next/dist/build/webpack/loaders/css-loader/src/index.js??ruleSet[1].rules[13].oneOf[10].use[2]!./node_modules/next/dist/build/webpack/loaders/postcss-loader/src/index.js??ruleSet[1].rules[13].oneOf[10].use[3]!./src/app/globals.css
Error: Cannot find module 'autoprefixer'
Require stack:
- C:\Users\Visha\Desktop\my_space\employee_directory\node_modules\next\dist\build\webpack\config\blocks\css\plugins.js
- C:\Users\Visha\Desktop\my_space\employee_directory\node_modules\next\dist\build\webpack\config\blocks\css\index.js
- C:\Users\Visha\Desktop\my_space\employee_directory\node_modules\next\dist\build\webpack\config\index.js
- C:\Users\Visha\Desktop\my_space\employee_directory\node_modules\next\dist\build\webpack-config.js
- C:\Users\Visha\Desktop\my_space\employee_directory\node_modules\next\dist\server\dev\hot-reloader-webpack.js
- C:\Users\Visha\Desktop\my_space\employee_directory\node_modules\next\dist\server\lib\router-utils\setup-dev-bundler.js
- C:\Users\Visha\Desktop\my_space\employee_directory\node_modules\next\dist\server\lib\router-server.js
- C:\Users\Visha\Desktop\my_space\employee_directory\node_modules\next\dist\server\lib\start-server.js
    at Array.map (<anonymous>) @ webpack-internal:///(pages-dir-browser)/./node_modules/next/dist/client/components/react-dev-overlay/pages/client.js:85
[     375ms] [ERROR] ./src/app/globals.css
Error: Cannot find module 'autoprefixer'
Require stack:
- C:\Users\Visha\Desktop\my_space\employee_directory\node_modules\next\dist\build\webpack\config\blocks\css\plugins.js
- C:\Users\Visha\Desktop\my_space\employee_directory\node_modules\next\dist\build\webpack\config\blocks\css\index.js
- C:\Users\Visha\Desktop\my_space\employee_directory\node_modules\next\dist\build\webpack\config\index.js
- C:\Users\Visha\Desktop\my_space\employee_directory\node_modules\next\dist\build\webpack-config.js
- C:\Users\Visha\Desktop\my_space\employee_directory\node_modules\next\dist\server\dev\hot-reloader-webpack.js
- C:\Users\Visha\Desktop\my_space\employee_directory\node_modules\next\dist\server\lib\router-utils\setup-dev-bundler.js
- C:\Users\Visha\Desktop\my_space\employee_directory\node_modules\next\dist\server\lib\router-server.js
- C:\Users\Visha\Desktop\my_space\employee_directory\node_modules\next\dist\server\lib\start-server.js
    at Array.map (<anonymous>)
-- inner error --
Error: Cannot find module 'autoprefixer'
Require stack:
- C:\Users\Visha\Desktop\my_space\employee_directory\node_modules\next\dist\build\webpack\config\blocks\css\plugins.js
- C:\Users\Visha\Desktop\my_space\employee_directory\node_modules\next\dist\build\webpack\config\blocks\css\index.js
- C:\Users\Visha\Desktop\my_space\employee_directory\node_modules\next\dist\build\webpack\config\index.js
- C:\Users\Visha\Desktop\my_space\employee_directory\node_modules\next\dist\build\webpack-config.js
- C:\Users\Visha\Desktop\my_space\employee_directory\node_modules\next\dist\server\dev\hot-reloader-webpack.js
- C:\Users\Visha\Desktop\my_space\employee_directory\node_modules\next\dist\server\lib\router-utils\setup-dev-bundler.js
- C:\Users\Visha\Desktop\my_space\employee_directory\node_modules\next\dist\server\lib\router-server.js
- C:\Users\Visha\Desktop\my_space\employee_directory\node_modules\next\dist\server\lib\start-server.js
    at Array.map (<anonymous>)
Generated code for C:\Users\Visha\Desktop\my_space\employee_directory\node_modules\next\dist\build\webpack\loaders\css-loader\src\index.js??ruleSet[1].rules[13].oneOf[10].use[2]!C:\Users\Visha\Desktop\my_space\employee_directory\node_modules\next\dist\build\webpack\loaders\postcss-loader\src\index.js??ruleSet[1].rules[13].oneOf[10].use[3]!C:\Users\Visha\Desktop\my_space\employee_directory\src\app\globals.css @ webpack-internal:///(pages-dir-browser)/./node_modules/next/dist/client/components/react-dev-overlay/pages/client.js:85
[     376ms] [WARNING] [HMR] Invalid message: {"action":"isrManifest","data":{}}
TypeError: Cannot read properties of undefined (reading '__N_SSP')
    at handleStaticIndicator (webpack-internal:///(pages-dir-browser)/./node_modules/next/dist/client/components/react-dev-overlay/pages/hot-reloader-client.js:229:124)
    at processMessage (webpack-internal:///(pages-dir-browser)/./node_modules/next/dist/client/components/react-dev-overlay/pages/hot-reloader-client.js:244:17)
    at eval (webpack-internal:///(pages-dir-browser)/./node_modules/next/dist/client/components/react-dev-overlay/pages/hot-reloader-client.js:70:13)
    at WebSocket.handleMessage (webpack-internal:///(pages-dir-browser)/./node_modules/next/dist/client/components/react-dev-overlay/pages/websocket.js:65:17) @ webpack-internal:///(pages-dir-browser)/./node_modules/next/dist/client/components/react-dev-overlay/pages/hot-reloader-client.js:72
[   26653ms] [WARNING] [HMR] Invalid message: {"action":"isrManifest","data":{}}
TypeError: Cannot read properties of undefined (reading '__N_SSP')
    at handleStaticIndicator (webpack-internal:///(pages-dir-browser)/./node_modules/next/dist/client/components/react-dev-overlay/pages/hot-reloader-client.js:229:124)
    at processMessage (webpack-internal:///(pages-dir-browser)/./node_modules/next/dist/client/components/react-dev-overlay/pages/hot-reloader-client.js:244:17)
    at eval (webpack-internal:///(pages-dir-browser)/./node_modules/next/dist/client/components/react-dev-overlay/pages/hot-reloader-client.js:70:13)
    at WebSocket.handleMessage (webpack-internal:///(pages-dir-browser)/./node_modules/next/dist/client/components/react-dev-overlay/pages/websocket.js:65:17) @ webpack-internal:///(pages-dir-browser)/./node_modules/next/dist/client/components/react-dev-overlay/pages/hot-reloader-client.js:72
[   26678ms] [ERROR] Failed to load resource: the server responded with a status of 500 (Internal Server Error) @ http://localhost:3000/:0
[   26942ms] [INFO] %cDownload the React DevTools for a better development experience: https://react.dev/link/react-devtools font-weight:bold @ webpack-internal:///(pages-dir-browser)/./node_modules/react-dom/cjs/react-dom-client.development.js:28004
[   26948ms] ModuleBuildError: Module build failed (from ./node_modules/next/dist/build/webpack/loaders/postcss-loader/src/index.js):
Error: Cannot find module 'autoprefixer'
Require stack:
- C:\Users\Visha\Desktop\my_space\employee_directory\node_modules\next\dist\build\webpack\config\blocks\css\plugins.js
- C:\Users\Visha\Desktop\my_space\employee_directory\node_modules\next\dist\build\webpack\config\blocks\css\index.js
- C:\Users\Visha\Desktop\my_space\employee_directory\node_modules\next\dist\build\webpack\config\index.js
- C:\Users\Visha\Desktop\my_space\employee_directory\node_modules\next\dist\build\webpack-config.js
- C:\Users\Visha\Desktop\my_space\employee_directory\node_modules\next\dist\server\dev\hot-reloader-webpack.js
- C:\Users\Visha\Desktop\my_space\employee_directory\node_modules\next\dist\server\lib\router-utils\setup-dev-bundler.js
- C:\Users\Visha\Desktop\my_space\employee_directory\node_modules\next\dist\server\lib\router-server.js
- C:\Users\Visha\Desktop\my_space\employee_directory\node_modules\next\dist\server\lib\start-server.js
    at Module.<anonymous> (node:internal/modules/cjs/loader:1421:15)
    at C:\Users\Visha\Desktop\my_space\employee_directory\node_modules\next\dist\server\require-hook.js:55:36
    at require.resolve (node:internal/modules/helpers:163:19)
    at loadPlugin (C:\Users\Visha\Desktop\my_space\employee_directory\node_modules\next\dist\build\webpack\config\blocks\css\plugins.js:53:32)
    at C:\Users\Visha\Desktop\my_space\employee_directory\node_modules\next\dist\build\webpack\config\blocks\css\plugins.js:185:56
    at Array.map (<anonymous>)
    at getPostCssPlugins (C:\Users\Visha\Desktop\my_space\employee_directory\node_modules\next\dist\build\webpack\config\blocks\css\plugins.js:185:47)
    at async C:\Users\Visha\Desktop\my_space\employee_directory\node_modules\next\dist\build\webpack\config\blocks\css\index.js:125:36
    at async C:\Users\Visha\Desktop\my_space\employee_directory\node_modules\next\dist\build\webpack\loaders\postcss-loader\src\index.js:52:40
    at async Span.traceAsyncFn (C:\Users\Visha\Desktop\my_space\employee_directory\node_modules\next\dist\trace\trace.js:157:20)
    at Module.<anonymous> (node:internal/modules/cjs/loader:1421:15)
    at C:\Users\Visha\Desktop\my_space\employee_directory\node_modules\next\dist\server\require-hook.js:55:36
    at require.resolve (node:internal/modules/helpers:163:19)
    at loadPlugin (C:\Users\Visha\Desktop\my_space\employee_directory\node_modules\next\dist\build\webpack\config\blocks\css\plugins.js:53:32)
    at C:\Users\Visha\Desktop\my_space\employee_directory\node_modules\next\dist\build\webpack\config\blocks\css\plugins.js:185:56
    at Array.map (<anonymous>)
    at getPostCssPlugins (C:\Users\Visha\Desktop\my_space\employee_directory\node_modules\next\dist\build\webpack\config\blocks\css\plugins.js:185:47)
    at async C:\Users\Visha\Desktop\my_space\employee_directory\node_modules\next\dist\build\webpack\config\blocks\css\index.js:125:36
    at async C:\Users\Visha\Desktop\my_space\employee_directory\node_modules\next\dist\build\webpack\loaders\postcss-loader\src\index.js:52:40
    at async Span.traceAsyncFn (C:\Users\Visha\Desktop\my_space\employee_directory\node_modules\next\dist\trace\trace.js:157:20)
    at Module.<anonymous> (node:internal/modules/cjs/loader:1421:15)
    at <unknown> (file://C:\Users\Visha\Desktop\my_space\employee_directory\node_modules\next\dist\server\require-hook.js:55:36)
    at require.resolve (node:internal/modules/helpers:163:19)
    at loadPlugin (file://C:\Users\Visha\Desktop\my_space\employee_directory\node_modules\next\dist\build\webpack\config\blocks\css\plugins.js:53:32)
    at <unknown> (file://C:\Users\Visha\Desktop\my_space\employee_directory\node_modules\next\dist\build\webpack\config\blocks\css\plugins.js:185:56)
    at Array.map (<anonymous>)
    at getPostCssPlugins (file://C:\Users\Visha\Desktop\my_space\employee_directory\node_modules\next\dist\build\webpack\config\blocks\css\plugins.js:185:47)
    at async (file://C:\Users\Visha\Desktop\my_space\employee_directory\node_modules\next\dist\build\webpack\config\blocks\css\index.js:125:36)
    at async (file://C:\Users\Visha\Desktop\my_space\employee_directory\node_modules\next\dist\build\webpack\loaders\postcss-loader\src\index.js:52:40)
    at async Span.traceAsyncFn (file://C:\Users\Visha\Desktop\my_space\employee_directory\node_modules\next\dist\trace\trace.js:157:20)
    at processResult (file://C:\Users\Visha\Desktop\my_space\employee_directory\node_modules\next\dist\compiled\webpack\bundle5.js:29:407111)
    at <unknown> (file://C:\Users\Visha\Desktop\my_space\employee_directory\node_modules\next\dist\compiled\webpack\bundle5.js:29:408906)
    at <unknown> (file://C:\Users\Visha\Desktop\my_space\employee_directory\node_modules\next\dist\compiled\loader-runner\LoaderRunner.js:1:8645)
    at <unknown> (file://C:\Users\Visha\Desktop\my_space\employee_directory\node_modules\next\dist\compiled\loader-runner\LoaderRunner.js:1:5828)
    at r.callback (file://C:\Users\Visha\Desktop\my_space\employee_directory\node_modules\next\dist\compiled\loader-runner\LoaderRunner.js:1:4039)
    at <unknown> (file://C:\Users\Visha\Desktop\my_space\employee_directory\node_modules\next\dist\build\webpack\loaders\postcss-loader\src\index.js:122:37)
[   26948ms] [LOG] [HMR] connected @ webpack-internal:///(pages-dir-browser)/./node_modules/next/dist/client/components/react-dev-overlay/pages/websocket.js:41
[   26950ms] [ERROR] ./src/app/globals.css.webpack[javascript/auto]!=!./node_modules/next/dist/build/webpack/loaders/css-loader/src/index.js??ruleSet[1].rules[13].oneOf[10].use[2]!./node_modules/next/dist/build/webpack/loaders/postcss-loader/src/index.js??ruleSet[1].rules[13].oneOf[10].use[3]!./src/app/globals.css
Error: Cannot find module 'autoprefixer'
Require stack:
- C:\Users\Visha\Desktop\my_space\employee_directory\node_modules\next\dist\build\webpack\config\blocks\css\plugins.js
- C:\Users\Visha\Desktop\my_space\employee_directory\node_modules\next\dist\build\webpack\config\blocks\css\index.js
- C:\Users\Visha\Desktop\my_space\employee_directory\node_modules\next\dist\build\webpack\config\index.js
- C:\Users\Visha\Desktop\my_space\employee_directory\node_modules\next\dist\build\webpack-config.js
- C:\Users\Visha\Desktop\my_space\employee_directory\node_modules\next\dist\server\dev\hot-reloader-webpack.js
- C:\Users\Visha\Desktop\my_space\employee_directory\node_modules\next\dist\server\lib\router-utils\setup-dev-bundler.js
- C:\Users\Visha\Desktop\my_space\employee_directory\node_modules\next\dist\server\lib\router-server.js
- C:\Users\Visha\Desktop\my_space\employee_directory\node_modules\next\dist\server\lib\start-server.js
    at Array.map (<anonymous>) @ webpack-internal:///(pages-dir-browser)/./node_modules/next/dist/client/components/react-dev-overlay/pages/client.js:85
[   26950ms] [ERROR] ./src/app/globals.css
Error: Cannot find module 'autoprefixer'
Require stack:
- C:\Users\Visha\Desktop\my_space\employee_directory\node_modules\next\dist\build\webpack\config\blocks\css\plugins.js
- C:\Users\Visha\Desktop\my_space\employee_directory\node_modules\next\dist\build\webpack\config\blocks\css\index.js
- C:\Users\Visha\Desktop\my_space\employee_directory\node_modules\next\dist\build\webpack\config\index.js
- C:\Users\Visha\Desktop\my_space\employee_directory\node_modules\next\dist\build\webpack-config.js
- C:\Users\Visha\Desktop\my_space\employee_directory\node_modules\next\dist\server\dev\hot-reloader-webpack.js
- C:\Users\Visha\Desktop\my_space\employee_directory\node_modules\next\dist\server\lib\router-utils\setup-dev-bundler.js
- C:\Users\Visha\Desktop\my_space\employee_directory\node_modules\next\dist\server\lib\router-server.js
- C:\Users\Visha\Desktop\my_space\employee_directory\node_modules\next\dist\server\lib\start-server.js
    at Array.map (<anonymous>)
-- inner error --
Error: Cannot find module 'autoprefixer'
Require stack:
- C:\Users\Visha\Desktop\my_space\employee_directory\node_modules\next\dist\build\webpack\config\blocks\css\plugins.js
- C:\Users\Visha\Desktop\my_space\employee_directory\node_modules\next\dist\build\webpack\config\blocks\css\index.js
- C:\Users\Visha\Desktop\my_space\employee_directory\node_modules\next\dist\build\webpack\config\index.js
- C:\Users\Visha\Desktop\my_space\employee_directory\node_modules\next\dist\build\webpack-config.js
- C:\Users\Visha\Desktop\my_space\employee_directory\node_modules\next\dist\server\dev\hot-reloader-webpack.js
- C:\Users\Visha\Desktop\my_space\employee_directory\node_modules\next\dist\server\lib\router-utils\setup-dev-bundler.js
- C:\Users\Visha\Desktop\my_space\employee_directory\node_modules\next\dist\server\lib\router-server.js
- C:\Users\Visha\Desktop\my_space\employee_directory\node_modules\next\dist\server\lib\start-server.js
    at Array.map (<anonymous>)
Generated code for C:\Users\Visha\Desktop\my_space\employee_directory\node_modules\next\dist\build\webpack\loaders\css-loader\src\index.js??ruleSet[1].rules[13].oneOf[10].use[2]!C:\Users\Visha\Desktop\my_space\employee_directory\node_modules\next\dist\build\webpack\loaders\postcss-loader\src\index.js??ruleSet[1].rules[13].oneOf[10].use[3]!C:\Users\Visha\Desktop\my_space\employee_directory\src\app\globals.css @ webpack-internal:///(pages-dir-browser)/./node_modules/next/dist/client/components/react-dev-overlay/pages/client.js:85
[   26951ms] [WARNING] [HMR] Invalid message: {"action":"isrManifest","data":{}}
TypeError: Cannot read properties of undefined (reading '__N_SSP')
    at handleStaticIndicator (webpack-internal:///(pages-dir-browser)/./node_modules/next/dist/client/components/react-dev-overlay/pages/hot-reloader-client.js:229:124)
    at processMessage (webpack-internal:///(pages-dir-browser)/./node_modules/next/dist/client/components/react-dev-overlay/pages/hot-reloader-client.js:244:17)
    at eval (webpack-internal:///(pages-dir-browser)/./node_modules/next/dist/client/components/react-dev-overlay/pages/hot-reloader-client.js:70:13)
    at WebSocket.handleMessage (webpack-internal:///(pages-dir-browser)/./node_modules/next/dist/client/components/react-dev-overlay/pages/websocket.js:65:17) @ webpack-internal:///(pages-dir-browser)/./node_modules/next/dist/client/components/react-dev-overlay/pages/hot-reloader-client.js:72
[   45586ms] [LOG] [Fast Refresh] rebuilding @ webpack-internal:///(pages-dir-browser)/./node_modules/next/dist/client/components/react-dev-overlay/pages/hot-reloader-client.js:251
[   46260ms] [ERROR] ./src/app/globals.css.webpack[javascript/auto]!=!./node_modules/next/dist/build/webpack/loaders/css-loader/src/index.js??ruleSet[1].rules[13].oneOf[10].use[2]!./node_modules/next/dist/build/webpack/loaders/postcss-loader/src/index.js??ruleSet[1].rules[13].oneOf[10].use[3]!./src/app/globals.css
Error: Cannot find module 'autoprefixer'
Require stack:
- C:\Users\Visha\Desktop\my_space\employee_directory\node_modules\next\dist\build\webpack\config\blocks\css\plugins.js
- C:\Users\Visha\Desktop\my_space\employee_directory\node_modules\next\dist\build\webpack\config\blocks\css\index.js
- C:\Users\Visha\Desktop\my_space\employee_directory\node_modules\next\dist\build\webpack\config\index.js
- C:\Users\Visha\Desktop\my_space\employee_directory\node_modules\next\dist\build\webpack-config.js
- C:\Users\Visha\Desktop\my_space\employee_directory\node_modules\next\dist\server\dev\hot-reloader-webpack.js
- C:\Users\Visha\Desktop\my_space\employee_directory\node_modules\next\dist\server\lib\router-utils\setup-dev-bundler.js
- C:\Users\Visha\Desktop\my_space\employee_directory\node_modules\next\dist\server\lib\router-server.js
- C:\Users\Visha\Desktop\my_space\employee_directory\node_modules\next\dist\server\lib\start-server.js
    at Array.map (<anonymous>)
Import trace for requested module:
./src/app/globals.css.webpack[javascript/auto]!=!./node_modules/next/dist/build/webpack/loaders/css-loader/src/index.js??ruleSet[1].rules[13].oneOf[10].use[2]!./node_modules/next/dist/build/webpack/loaders/postcss-loader/src/index.js??ruleSet[1].rules[13].oneOf[10].use[3]!./src/app/globals.css
./src/app/globals.css @ webpack-internal:///(pages-dir-browser)/./node_modules/next/dist/client/components/react-dev-overlay/pages/client.js:85
[   46261ms] [ERROR] ./src/app/globals.css
Error: Cannot find module 'autoprefixer'
Require stack:
- C:\Users\Visha\Desktop\my_space\employee_directory\node_modules\next\dist\build\webpack\config\blocks\css\plugins.js
- C:\Users\Visha\Desktop\my_space\employee_directory\node_modules\next\dist\build\webpack\config\blocks\css\index.js
- C:\Users\Visha\Desktop\my_space\employee_directory\node_modules\next\dist\build\webpack\config\index.js
- C:\Users\Visha\Desktop\my_space\employee_directory\node_modules\next\dist\build\webpack-config.js
- C:\Users\Visha\Desktop\my_space\employee_directory\node_modules\next\dist\server\dev\hot-reloader-webpack.js
- C:\Users\Visha\Desktop\my_space\employee_directory\node_modules\next\dist\server\lib\router-utils\setup-dev-bundler.js
- C:\Users\Visha\Desktop\my_space\employee_directory\node_modules\next\dist\server\lib\router-server.js
- C:\Users\Visha\Desktop\my_space\employee_directory\node_modules\next\dist\server\lib\start-server.js
    at Array.map (<anonymous>)
-- inner error --
Error: Cannot find module 'autoprefixer'
Require stack:
- C:\Users\Visha\Desktop\my_space\employee_directory\node_modules\next\dist\build\webpack\config\blocks\css\plugins.js
- C:\Users\Visha\Desktop\my_space\employee_directory\node_modules\next\dist\build\webpack\config\blocks\css\index.js
- C:\Users\Visha\Desktop\my_space\employee_directory\node_modules\next\dist\build\webpack\config\index.js
- C:\Users\Visha\Desktop\my_space\employee_directory\node_modules\next\dist\build\webpack-config.js
- C:\Users\Visha\Desktop\my_space\employee_directory\node_modules\next\dist\server\dev\hot-reloader-webpack.js
- C:\Users\Visha\Desktop\my_space\employee_directory\node_modules\next\dist\server\lib\router-utils\setup-dev-bundler.js
- C:\Users\Visha\Desktop\my_space\employee_directory\node_modules\next\dist\server\lib\router-server.js
- C:\Users\Visha\Desktop\my_space\employee_directory\node_modules\next\dist\server\lib\start-server.js
    at Array.map (<anonymous>)
Generated code for C:\Users\Visha\Desktop\my_space\employee_directory\node_modules\next\dist\build\webpack\loaders\css-loader\src\index.js??ruleSet[1].rules[13].oneOf[10].use[2]!C:\Users\Visha\Desktop\my_space\employee_directory\node_modules\next\dist\build\webpack\loaders\postcss-loader\src\index.js??ruleSet[1].rules[13].oneOf[10].use[3]!C:\Users\Visha\Desktop\my_space\employee_directory\src\app\globals.css

Import trace for requested module:
./src/app/globals.css @ webpack-internal:///(pages-dir-browser)/./node_modules/next/dist/client/components/react-dev-overlay/pages/client.js:85
[   46261ms] [ERROR] ./node_modules/@radix-ui/react-dialog/dist/index.mjs
Error: ENOENT: no such file or directory, open 'C:\Users\Visha\Desktop\my_space\employee_directory\node_modules\@radix-ui\react-dialog\dist\index.mjs'

Import trace for requested module:
./node_modules/@radix-ui/react-dialog/dist/index.mjs
./src/components/ui/dialog.tsx
./src/components/AddEmployeeForm.tsx @ webpack-internal:///(pages-dir-browser)/./node_modules/next/dist/client/components/react-dev-overlay/pages/client.js:85
[   46261ms] [ERROR] ./node_modules/@radix-ui/react-select/dist/index.mjs
Error: ENOENT: no such file or directory, open 'C:\Users\Visha\Desktop\my_space\employee_directory\node_modules\@radix-ui\react-select\dist\index.mjs'

Import trace for requested module:
./node_modules/@radix-ui/react-select/dist/index.mjs
./src/components/ui/select.tsx
./src/components/AddEmployeeForm.tsx @ webpack-internal:///(pages-dir-browser)/./node_modules/next/dist/client/components/react-dev-overlay/pages/client.js:85
[   46261ms] [ERROR] ./node_modules/@radix-ui/react-slot/dist/index.mjs
Error: ENOENT: no such file or directory, open 'C:\Users\Visha\Desktop\my_space\employee_directory\node_modules\@radix-ui\react-slot\dist\index.mjs'

Import trace for requested module:
./node_modules/@radix-ui/react-slot/dist/index.mjs
./src/components/ui/button.tsx
./src/components/AddEmployeeForm.tsx @ webpack-internal:///(pages-dir-browser)/./node_modules/next/dist/client/components/react-dev-overlay/pages/client.js:85
[   46531ms] [ERROR] ./node_modules/@radix-ui/react-dialog/dist/index.mjs
Error: ENOENT: no such file or directory, open 'C:\Users\Visha\Desktop\my_space\employee_directory\node_modules\@radix-ui\react-dialog\dist\index.mjs'

Import trace for requested module:
./node_modules/@radix-ui/react-dialog/dist/index.mjs
./src/components/ui/dialog.tsx
./src/components/AddEmployeeForm.tsx @ webpack-internal:///(pages-dir-browser)/./node_modules/next/dist/client/components/react-dev-overlay/pages/client.js:85
[   46531ms] [ERROR] ./node_modules/@radix-ui/react-select/dist/index.mjs
Error: ENOENT: no such file or directory, open 'C:\Users\Visha\Desktop\my_space\employee_directory\node_modules\@radix-ui\react-select\dist\index.mjs'

Import trace for requested module:
./node_modules/@radix-ui/react-select/dist/index.mjs
./src/components/ui/select.tsx
./src/components/AddEmployeeForm.tsx @ webpack-internal:///(pages-dir-browser)/./node_modules/next/dist/client/components/react-dev-overlay/pages/client.js:85
[   46531ms] [ERROR] ./node_modules/@radix-ui/react-slot/dist/index.mjs
Error: ENOENT: no such file or directory, open 'C:\Users\Visha\Desktop\my_space\employee_directory\node_modules\@radix-ui\react-slot\dist\index.mjs'

Import trace for requested module:
./node_modules/@radix-ui/react-slot/dist/index.mjs
./src/components/ui/button.tsx
./src/components/AddEmployeeForm.tsx @ webpack-internal:///(pages-dir-browser)/./node_modules/next/dist/client/components/react-dev-overlay/pages/client.js:85
[   46531ms] [ERROR] ./node_modules/@radix-ui/react-slot/dist/index.mjs
Error: ENOENT: no such file or directory, open 'C:\Users\Visha\Desktop\my_space\employee_directory\node_modules\@radix-ui\react-slot\dist\index.mjs'

Import trace for requested module:
./node_modules/@radix-ui/react-slot/dist/index.mjs
./src/components/ui/button.tsx
./src/app/page.tsx @ webpack-internal:///(pages-dir-browser)/./node_modules/next/dist/client/components/react-dev-overlay/pages/client.js:85
[   48275ms] [WARNING] [HMR] Invalid message: {"action":"isrManifest","data":{}}
TypeError: Cannot read properties of undefined (reading '__N_SSP')
    at handleStaticIndicator (webpack-internal:///(pages-dir-browser)/./node_modules/next/dist/client/components/react-dev-overlay/pages/hot-reloader-client.js:229:124)
    at processMessage (webpack-internal:///(pages-dir-browser)/./node_modules/next/dist/client/components/react-dev-overlay/pages/hot-reloader-client.js:244:17)
    at eval (webpack-internal:///(pages-dir-browser)/./node_modules/next/dist/client/components/react-dev-overlay/pages/hot-reloader-client.js:70:13)
    at WebSocket.handleMessage (webpack-internal:///(pages-dir-browser)/./node_modules/next/dist/client/components/react-dev-overlay/pages/websocket.js:65:17) @ webpack-internal:///(pages-dir-browser)/./node_modules/next/dist/client/components/react-dev-overlay/pages/hot-reloader-client.js:72
[   48299ms] [ERROR] Failed to load resource: the server responded with a status of 500 (Internal Server Error) @ http://localhost:3000/:0
[   48606ms] [INFO] %cDownload the React DevTools for a better development experience: https://react.dev/link/react-devtools font-weight:bold @ webpack-internal:///(pages-dir-browser)/./node_modules/react-dom/cjs/react-dom-client.development.js:28004
[   48615ms] ModuleBuildError: Module build failed (from ./node_modules/next/dist/build/webpack/loaders/postcss-loader/src/index.js):
Error: Cannot find module 'autoprefixer'
Require stack:
- C:\Users\Visha\Desktop\my_space\employee_directory\node_modules\next\dist\build\webpack\config\blocks\css\plugins.js
- C:\Users\Visha\Desktop\my_space\employee_directory\node_modules\next\dist\build\webpack\config\blocks\css\index.js
- C:\Users\Visha\Desktop\my_space\employee_directory\node_modules\next\dist\build\webpack\config\index.js
- C:\Users\Visha\Desktop\my_space\employee_directory\node_modules\next\dist\build\webpack-config.js
- C:\Users\Visha\Desktop\my_space\employee_directory\node_modules\next\dist\server\dev\hot-reloader-webpack.js
- C:\Users\Visha\Desktop\my_space\employee_directory\node_modules\next\dist\server\lib\router-utils\setup-dev-bundler.js
- C:\Users\Visha\Desktop\my_space\employee_directory\node_modules\next\dist\server\lib\router-server.js
- C:\Users\Visha\Desktop\my_space\employee_directory\node_modules\next\dist\server\lib\start-server.js
    at Module.<anonymous> (node:internal/modules/cjs/loader:1421:15)
    at C:\Users\Visha\Desktop\my_space\employee_directory\node_modules\next\dist\server\require-hook.js:55:36
    at require.resolve (node:internal/modules/helpers:163:19)
    at loadPlugin (C:\Users\Visha\Desktop\my_space\employee_directory\node_modules\next\dist\build\webpack\config\blocks\css\plugins.js:53:32)
    at C:\Users\Visha\Desktop\my_space\employee_directory\node_modules\next\dist\build\webpack\config\blocks\css\plugins.js:185:56
    at Array.map (<anonymous>)
    at getPostCssPlugins (C:\Users\Visha\Desktop\my_space\employee_directory\node_modules\next\dist\build\webpack\config\blocks\css\plugins.js:185:47)
    at async C:\Users\Visha\Desktop\my_space\employee_directory\node_modules\next\dist\build\webpack\config\blocks\css\index.js:125:36
    at async C:\Users\Visha\Desktop\my_space\employee_directory\node_modules\next\dist\build\webpack\loaders\postcss-loader\src\index.js:52:40
    at async Span.traceAsyncFn (C:\Users\Visha\Desktop\my_space\employee_directory\node_modules\next\dist\trace\trace.js:157:20)
    at Module.<anonymous> (node:internal/modules/cjs/loader:1421:15)
    at C:\Users\Visha\Desktop\my_space\employee_directory\node_modules\next\dist\server\require-hook.js:55:36
    at require.resolve (node:internal/modules/helpers:163:19)
    at loadPlugin (C:\Users\Visha\Desktop\my_space\employee_directory\node_modules\next\dist\build\webpack\config\blocks\css\plugins.js:53:32)
    at C:\Users\Visha\Desktop\my_space\employee_directory\node_modules\next\dist\build\webpack\config\blocks\css\plugins.js:185:56
    at Array.map (<anonymous>)
    at getPostCssPlugins (C:\Users\Visha\Desktop\my_space\employee_directory\node_modules\next\dist\build\webpack\config\blocks\css\plugins.js:185:47)
    at async C:\Users\Visha\Desktop\my_space\employee_directory\node_modules\next\dist\build\webpack\config\blocks\css\index.js:125:36
    at async C:\Users\Visha\Desktop\my_space\employee_directory\node_modules\next\dist\build\webpack\loaders\postcss-loader\src\index.js:52:40
    at async Span.traceAsyncFn (C:\Users\Visha\Desktop\my_space\employee_directory\node_modules\next\dist\trace\trace.js:157:20)
    at Module.<anonymous> (node:internal/modules/cjs/loader:1421:15)
    at <unknown> (file://C:\Users\Visha\Desktop\my_space\employee_directory\node_modules\next\dist\server\require-hook.js:55:36)
    at require.resolve (node:internal/modules/helpers:163:19)
    at loadPlugin (file://C:\Users\Visha\Desktop\my_space\employee_directory\node_modules\next\dist\build\webpack\config\blocks\css\plugins.js:53:32)
    at <unknown> (file://C:\Users\Visha\Desktop\my_space\employee_directory\node_modules\next\dist\build\webpack\config\blocks\css\plugins.js:185:56)
    at Array.map (<anonymous>)
    at getPostCssPlugins (file://C:\Users\Visha\Desktop\my_space\employee_directory\node_modules\next\dist\build\webpack\config\blocks\css\plugins.js:185:47)
    at async (file://C:\Users\Visha\Desktop\my_space\employee_directory\node_modules\next\dist\build\webpack\config\blocks\css\index.js:125:36)
    at async (file://C:\Users\Visha\Desktop\my_space\employee_directory\node_modules\next\dist\build\webpack\loaders\postcss-loader\src\index.js:52:40)
    at async Span.traceAsyncFn (file://C:\Users\Visha\Desktop\my_space\employee_directory\node_modules\next\dist\trace\trace.js:157:20)
    at processResult (file://C:\Users\Visha\Desktop\my_space\employee_directory\node_modules\next\dist\compiled\webpack\bundle5.js:29:407111)
    at <unknown> (file://C:\Users\Visha\Desktop\my_space\employee_directory\node_modules\next\dist\compiled\webpack\bundle5.js:29:408906)
    at <unknown> (file://C:\Users\Visha\Desktop\my_space\employee_directory\node_modules\next\dist\compiled\loader-runner\LoaderRunner.js:1:8645)
    at <unknown> (file://C:\Users\Visha\Desktop\my_space\employee_directory\node_modules\next\dist\compiled\loader-runner\LoaderRunner.js:1:5828)
    at r.callback (file://C:\Users\Visha\Desktop\my_space\employee_directory\node_modules\next\dist\compiled\loader-runner\LoaderRunner.js:1:4039)
    at <unknown> (file://C:\Users\Visha\Desktop\my_space\employee_directory\node_modules\next\dist\build\webpack\loaders\postcss-loader\src\index.js:122:37)
[   48615ms] [LOG] [HMR] connected @ webpack-internal:///(pages-dir-browser)/./node_modules/next/dist/client/components/react-dev-overlay/pages/websocket.js:41
[   48617ms] [ERROR] ./node_modules/@radix-ui/react-dialog/dist/index.mjs
Error: ENOENT: no such file or directory, open 'C:\Users\Visha\Desktop\my_space\employee_directory\node_modules\@radix-ui\react-dialog\dist\index.mjs' @ webpack-internal:///(pages-dir-browser)/./node_modules/next/dist/client/components/react-dev-overlay/pages/client.js:85
[   48617ms] [ERROR] ./node_modules/@radix-ui/react-select/dist/index.mjs
Error: ENOENT: no such file or directory, open 'C:\Users\Visha\Desktop\my_space\employee_directory\node_modules\@radix-ui\react-select\dist\index.mjs' @ webpack-internal:///(pages-dir-browser)/./node_modules/next/dist/client/components/react-dev-overlay/pages/client.js:85
[   48617ms] [ERROR] ./node_modules/@radix-ui/react-slot/dist/index.mjs
Error: ENOENT: no such file or directory, open 'C:\Users\Visha\Desktop\my_space\employee_directory\node_modules\@radix-ui\react-slot\dist\index.mjs' @ webpack-internal:///(pages-dir-browser)/./node_modules/next/dist/client/components/react-dev-overlay/pages/client.js:85
[   48617ms] [ERROR] ./node_modules/@radix-ui/react-slot/dist/index.mjs
Error: ENOENT: no such file or directory, open 'C:\Users\Visha\Desktop\my_space\employee_directory\node_modules\@radix-ui\react-slot\dist\index.mjs' @ webpack-internal:///(pages-dir-browser)/./node_modules/next/dist/client/components/react-dev-overlay/pages/client.js:85
[   48617ms] [WARNING] [HMR] Invalid message: {"action":"isrManifest","data":{}}
TypeError: Cannot read properties of undefined (reading '__N_SSP')
    at handleStaticIndicator (webpack-internal:///(pages-dir-browser)/./node_modules/next/dist/client/components/react-dev-overlay/pages/hot-reloader-client.js:229:124)
    at processMessage (webpack-internal:///(pages-dir-browser)/./node_modules/next/dist/client/components/react-dev-overlay/pages/hot-reloader-client.js:244:17)
    at eval (webpack-internal:///(pages-dir-browser)/./node_modules/next/dist/client/components/react-dev-overlay/pages/hot-reloader-client.js:70:13)
    at WebSocket.handleMessage (webpack-internal:///(pages-dir-browser)/./node_modules/next/dist/client/components/react-dev-overlay/pages/websocket.js:65:17) @ webpack-internal:///(pages-dir-browser)/./node_modules/next/dist/client/components/react-dev-overlay/pages/hot-reloader-client.js:72
[   61031ms] [ERROR] ./src/app/globals.css.webpack[javascript/auto]!=!./node_modules/next/dist/build/webpack/loaders/css-loader/src/index.js??ruleSet[1].rules[13].oneOf[10].use[2]!./node_modules/next/dist/build/webpack/loaders/postcss-loader/src/index.js??ruleSet[1].rules[13].oneOf[10].use[3]!./src/app/globals.css
Error: Cannot find module 'autoprefixer'
Require stack:
- C:\Users\Visha\Desktop\my_space\employee_directory\node_modules\next\dist\build\webpack\config\blocks\css\plugins.js
- C:\Users\Visha\Desktop\my_space\employee_directory\node_modules\next\dist\build\webpack\config\blocks\css\index.js
- C:\Users\Visha\Desktop\my_space\employee_directory\node_modules\next\dist\build\webpack\config\index.js
- C:\Users\Visha\Desktop\my_space\employee_directory\node_modules\next\dist\build\webpack-config.js
- C:\Users\Visha\Desktop\my_space\employee_directory\node_modules\next\dist\server\dev\hot-reloader-webpack.js
- C:\Users\Visha\Desktop\my_space\employee_directory\node_modules\next\dist\server\lib\router-utils\setup-dev-bundler.js
- C:\Users\Visha\Desktop\my_space\employee_directory\node_modules\next\dist\server\lib\router-server.js
- C:\Users\Visha\Desktop\my_space\employee_directory\node_modules\next\dist\server\lib\start-server.js
    at Array.map (<anonymous>)
Import trace for requested module:
./src/app/globals.css.webpack[javascript/auto]!=!./node_modules/next/dist/build/webpack/loaders/css-loader/src/index.js??ruleSet[1].rules[13].oneOf[10].use[2]!./node_modules/next/dist/build/webpack/loaders/postcss-loader/src/index.js??ruleSet[1].rules[13].oneOf[10].use[3]!./src/app/globals.css
./src/app/globals.css @ webpack-internal:///(pages-dir-browser)/./node_modules/next/dist/client/components/react-dev-overlay/pages/client.js:85
[   61031ms] [ERROR] ./src/app/globals.css
Error: Cannot find module 'autoprefixer'
Require stack:
- C:\Users\Visha\Desktop\my_space\employee_directory\node_modules\next\dist\build\webpack\config\blocks\css\plugins.js
- C:\Users\Visha\Desktop\my_space\employee_directory\node_modules\next\dist\build\webpack\config\blocks\css\index.js
- C:\Users\Visha\Desktop\my_space\employee_directory\node_modules\next\dist\build\webpack\config\index.js
- C:\Users\Visha\Desktop\my_space\employee_directory\node_modules\next\dist\build\webpack-config.js
- C:\Users\Visha\Desktop\my_space\employee_directory\node_modules\next\dist\server\dev\hot-reloader-webpack.js
- C:\Users\Visha\Desktop\my_space\employee_directory\node_modules\next\dist\server\lib\router-utils\setup-dev-bundler.js
- C:\Users\Visha\Desktop\my_space\employee_directory\node_modules\next\dist\server\lib\router-server.js
- C:\Users\Visha\Desktop\my_space\employee_directory\node_modules\next\dist\server\lib\start-server.js
    at Array.map (<anonymous>)
-- inner error --
Error: Cannot find module 'autoprefixer'
Require stack:
- C:\Users\Visha\Desktop\my_space\employee_directory\node_modules\next\dist\build\webpack\config\blocks\css\plugins.js
- C:\Users\Visha\Desktop\my_space\employee_directory\node_modules\next\dist\build\webpack\config\blocks\css\index.js
- C:\Users\Visha\Desktop\my_space\employee_directory\node_modules\next\dist\build\webpack\config\index.js
- C:\Users\Visha\Desktop\my_space\employee_directory\node_modules\next\dist\build\webpack-config.js
- C:\Users\Visha\Desktop\my_space\employee_directory\node_modules\next\dist\server\dev\hot-reloader-webpack.js
- C:\Users\Visha\Desktop\my_space\employee_directory\node_modules\next\dist\server\lib\router-utils\setup-dev-bundler.js
- C:\Users\Visha\Desktop\my_space\employee_directory\node_modules\next\dist\server\lib\router-server.js
- C:\Users\Visha\Desktop\my_space\employee_directory\node_modules\next\dist\server\lib\start-server.js
    at Array.map (<anonymous>)
Generated code for C:\Users\Visha\Desktop\my_space\employee_directory\node_modules\next\dist\build\webpack\loaders\css-loader\src\index.js??ruleSet[1].rules[13].oneOf[10].use[2]!C:\Users\Visha\Desktop\my_space\employee_directory\node_modules\next\dist\build\webpack\loaders\postcss-loader\src\index.js??ruleSet[1].rules[13].oneOf[10].use[3]!C:\Users\Visha\Desktop\my_space\employee_directory\src\app\globals.css

Import trace for requested module:
./src/app/globals.css @ webpack-internal:///(pages-dir-browser)/./node_modules/next/dist/client/components/react-dev-overlay/pages/client.js:85
[   61031ms] [ERROR] ./node_modules/@radix-ui/react-dialog/dist/index.mjs
Error: ENOENT: no such file or directory, open 'C:\Users\Visha\Desktop\my_space\employee_directory\node_modules\@radix-ui\react-dialog\dist\index.mjs'

Import trace for requested module:
./node_modules/@radix-ui/react-dialog/dist/index.mjs
./src/components/ui/dialog.tsx
./src/components/AddEmployeeForm.tsx @ webpack-internal:///(pages-dir-browser)/./node_modules/next/dist/client/components/react-dev-overlay/pages/client.js:85
[   61031ms] [ERROR] ./node_modules/@radix-ui/react-select/dist/index.mjs
Error: ENOENT: no such file or directory, open 'C:\Users\Visha\Desktop\my_space\employee_directory\node_modules\@radix-ui\react-select\dist\index.mjs'

Import trace for requested module:
./node_modules/@radix-ui/react-select/dist/index.mjs
./src/components/ui/select.tsx
./src/components/AddEmployeeForm.tsx @ webpack-internal:///(pages-dir-browser)/./node_modules/next/dist/client/components/react-dev-overlay/pages/client.js:85
[   61032ms] [ERROR] ./node_modules/@radix-ui/react-slot/dist/index.mjs
Error: ENOENT: no such file or directory, open 'C:\Users\Visha\Desktop\my_space\employee_directory\node_modules\@radix-ui\react-slot\dist\index.mjs'

Import trace for requested module:
./node_modules/@radix-ui/react-slot/dist/index.mjs
./src/components/ui/button.tsx
./src/components/AddEmployeeForm.tsx @ webpack-internal:///(pages-dir-browser)/./node_modules/next/dist/client/components/react-dev-overlay/pages/client.js:85
[   61032ms] [LOG] [Fast Refresh] rebuilding @ webpack-internal:///(pages-dir-browser)/./node_modules/next/dist/client/components/react-dev-overlay/pages/hot-reloader-client.js:251
[   61160ms] [ERROR] ./node_modules/@radix-ui/react-dialog/dist/index.mjs
Error: ENOENT: no such file or directory, open 'C:\Users\Visha\Desktop\my_space\employee_directory\node_modules\@radix-ui\react-dialog\dist\index.mjs'

Import trace for requested module:
./node_modules/@radix-ui/react-dialog/dist/index.mjs
./src/components/ui/dialog.tsx
./src/components/AddEmployeeForm.tsx @ webpack-internal:///(pages-dir-browser)/./node_modules/next/dist/client/components/react-dev-overlay/pages/client.js:85
[   61160ms] [ERROR] ./node_modules/@radix-ui/react-select/dist/index.mjs
Error: ENOENT: no such file or directory, open 'C:\Users\Visha\Desktop\my_space\employee_directory\node_modules\@radix-ui\react-select\dist\index.mjs'

Import trace for requested module:
./node_modules/@radix-ui/react-select/dist/index.mjs
./src/components/ui/select.tsx
./src/components/AddEmployeeForm.tsx @ webpack-internal:///(pages-dir-browser)/./node_modules/next/dist/client/components/react-dev-overlay/pages/client.js:85
[   61160ms] [ERROR] ./node_modules/@radix-ui/react-slot/dist/index.mjs
Error: ENOENT: no such file or directory, open 'C:\Users\Visha\Desktop\my_space\employee_directory\node_modules\@radix-ui\react-slot\dist\index.mjs'

Import trace for requested module:
./node_modules/@radix-ui/react-slot/dist/index.mjs
./src/components/ui/button.tsx
./src/components/AddEmployeeForm.tsx @ webpack-internal:///(pages-dir-browser)/./node_modules/next/dist/client/components/react-dev-overlay/pages/client.js:85
[   61160ms] [ERROR] ./node_modules/@radix-ui/react-slot/dist/index.mjs
Error: ENOENT: no such file or directory, open 'C:\Users\Visha\Desktop\my_space\employee_directory\node_modules\@radix-ui\react-slot\dist\index.mjs'

Import trace for requested module:
./node_modules/@radix-ui/react-slot/dist/index.mjs
./src/components/ui/button.tsx
./src/app/page.tsx @ webpack-internal:///(pages-dir-browser)/./node_modules/next/dist/client/components/react-dev-overlay/pages/client.js:85
[   65149ms] [WARNING] [HMR] Invalid message: {"action":"isrManifest","data":{}}
TypeError: Cannot read properties of undefined (reading '__N_SSP')
    at handleStaticIndicator (webpack-internal:///(pages-dir-browser)/./node_modules/next/dist/client/components/react-dev-overlay/pages/hot-reloader-client.js:229:124)
    at processMessage (webpack-internal:///(pages-dir-browser)/./node_modules/next/dist/client/components/react-dev-overlay/pages/hot-reloader-client.js:244:17)
    at eval (webpack-internal:///(pages-dir-browser)/./node_modules/next/dist/client/components/react-dev-overlay/pages/hot-reloader-client.js:70:13)
    at WebSocket.handleMessage (webpack-internal:///(pages-dir-browser)/./node_modules/next/dist/client/components/react-dev-overlay/pages/websocket.js:65:17) @ webpack-internal:///(pages-dir-browser)/./node_modules/next/dist/client/components/react-dev-overlay/pages/hot-reloader-client.js:72
[   65168ms] [ERROR] Failed to load resource: the server responded with a status of 500 (Internal Server Error) @ http://localhost:3000/:0
[   65425ms] [INFO] %cDownload the React DevTools for a better development experience: https://react.dev/link/react-devtools font-weight:bold @ webpack-internal:///(pages-dir-browser)/./node_modules/react-dom/cjs/react-dom-client.development.js:28004
[   65432ms] ModuleBuildError: Module build failed (from ./node_modules/next/dist/build/webpack/loaders/postcss-loader/src/index.js):
Error: Cannot find module 'autoprefixer'
Require stack:
- C:\Users\Visha\Desktop\my_space\employee_directory\node_modules\next\dist\build\webpack\config\blocks\css\plugins.js
- C:\Users\Visha\Desktop\my_space\employee_directory\node_modules\next\dist\build\webpack\config\blocks\css\index.js
- C:\Users\Visha\Desktop\my_space\employee_directory\node_modules\next\dist\build\webpack\config\index.js
- C:\Users\Visha\Desktop\my_space\employee_directory\node_modules\next\dist\build\webpack-config.js
- C:\Users\Visha\Desktop\my_space\employee_directory\node_modules\next\dist\server\dev\hot-reloader-webpack.js
- C:\Users\Visha\Desktop\my_space\employee_directory\node_modules\next\dist\server\lib\router-utils\setup-dev-bundler.js
- C:\Users\Visha\Desktop\my_space\employee_directory\node_modules\next\dist\server\lib\router-server.js
- C:\Users\Visha\Desktop\my_space\employee_directory\node_modules\next\dist\server\lib\start-server.js
    at Module.<anonymous> (node:internal/modules/cjs/loader:1421:15)
    at C:\Users\Visha\Desktop\my_space\employee_directory\node_modules\next\dist\server\require-hook.js:55:36
    at require.resolve (node:internal/modules/helpers:163:19)
    at loadPlugin (C:\Users\Visha\Desktop\my_space\employee_directory\node_modules\next\dist\build\webpack\config\blocks\css\plugins.js:53:32)
    at C:\Users\Visha\Desktop\my_space\employee_directory\node_modules\next\dist\build\webpack\config\blocks\css\plugins.js:185:56
    at Array.map (<anonymous>)
    at getPostCssPlugins (C:\Users\Visha\Desktop\my_space\employee_directory\node_modules\next\dist\build\webpack\config\blocks\css\plugins.js:185:47)
    at async C:\Users\Visha\Desktop\my_space\employee_directory\node_modules\next\dist\build\webpack\config\blocks\css\index.js:125:36
    at async C:\Users\Visha\Desktop\my_space\employee_directory\node_modules\next\dist\build\webpack\loaders\postcss-loader\src\index.js:52:40
    at async Span.traceAsyncFn (C:\Users\Visha\Desktop\my_space\employee_directory\node_modules\next\dist\trace\trace.js:157:20)
    at Module.<anonymous> (node:internal/modules/cjs/loader:1421:15)
    at C:\Users\Visha\Desktop\my_space\employee_directory\node_modules\next\dist\server\require-hook.js:55:36
    at require.resolve (node:internal/modules/helpers:163:19)
    at loadPlugin (C:\Users\Visha\Desktop\my_space\employee_directory\node_modules\next\dist\build\webpack\config\blocks\css\plugins.js:53:32)
    at C:\Users\Visha\Desktop\my_space\employee_directory\node_modules\next\dist\build\webpack\config\blocks\css\plugins.js:185:56
    at Array.map (<anonymous>)
    at getPostCssPlugins (C:\Users\Visha\Desktop\my_space\employee_directory\node_modules\next\dist\build\webpack\config\blocks\css\plugins.js:185:47)
    at async C:\Users\Visha\Desktop\my_space\employee_directory\node_modules\next\dist\build\webpack\config\blocks\css\index.js:125:36
    at async C:\Users\Visha\Desktop\my_space\employee_directory\node_modules\next\dist\build\webpack\loaders\postcss-loader\src\index.js:52:40
    at async Span.traceAsyncFn (C:\Users\Visha\Desktop\my_space\employee_directory\node_modules\next\dist\trace\trace.js:157:20)
    at Module.<anonymous> (node:internal/modules/cjs/loader:1421:15)
    at <unknown> (file://C:\Users\Visha\Desktop\my_space\employee_directory\node_modules\next\dist\server\require-hook.js:55:36)
    at require.resolve (node:internal/modules/helpers:163:19)
    at loadPlugin (file://C:\Users\Visha\Desktop\my_space\employee_directory\node_modules\next\dist\build\webpack\config\blocks\css\plugins.js:53:32)
    at <unknown> (file://C:\Users\Visha\Desktop\my_space\employee_directory\node_modules\next\dist\build\webpack\config\blocks\css\plugins.js:185:56)
    at Array.map (<anonymous>)
    at getPostCssPlugins (file://C:\Users\Visha\Desktop\my_space\employee_directory\node_modules\next\dist\build\webpack\config\blocks\css\plugins.js:185:47)
    at async (file://C:\Users\Visha\Desktop\my_space\employee_directory\node_modules\next\dist\build\webpack\config\blocks\css\index.js:125:36)
    at async (file://C:\Users\Visha\Desktop\my_space\employee_directory\node_modules\next\dist\build\webpack\loaders\postcss-loader\src\index.js:52:40)
    at async Span.traceAsyncFn (file://C:\Users\Visha\Desktop\my_space\employee_directory\node_modules\next\dist\trace\trace.js:157:20)
    at processResult (file://C:\Users\Visha\Desktop\my_space\employee_directory\node_modules\next\dist\compiled\webpack\bundle5.js:29:407111)
    at <unknown> (file://C:\Users\Visha\Desktop\my_space\employee_directory\node_modules\next\dist\compiled\webpack\bundle5.js:29:408906)
    at <unknown> (file://C:\Users\Visha\Desktop\my_space\employee_directory\node_modules\next\dist\compiled\loader-runner\LoaderRunner.js:1:8645)
    at <unknown> (file://C:\Users\Visha\Desktop\my_space\employee_directory\node_modules\next\dist\compiled\loader-runner\LoaderRunner.js:1:5828)
    at r.callback (file://C:\Users\Visha\Desktop\my_space\employee_directory\node_modules\next\dist\compiled\loader-runner\LoaderRunner.js:1:4039)
    at <unknown> (file://C:\Users\Visha\Desktop\my_space\employee_directory\node_modules\next\dist\build\webpack\loaders\postcss-loader\src\index.js:122:37)
    at process.processTicksAndRejections (node:internal/process/task_queues:103:5)
[   65433ms] [LOG] [HMR] connected @ webpack-internal:///(pages-dir-browser)/./node_modules/next/dist/client/components/react-dev-overlay/pages/websocket.js:41
[   65434ms] [ERROR] ./node_modules/@radix-ui/react-dialog/dist/index.mjs
Error: ENOENT: no such file or directory, open 'C:\Users\Visha\Desktop\my_space\employee_directory\node_modules\@radix-ui\react-dialog\dist\index.mjs' @ webpack-internal:///(pages-dir-browser)/./node_modules/next/dist/client/components/react-dev-overlay/pages/client.js:85
[   65434ms] [ERROR] ./node_modules/@radix-ui/react-select/dist/index.mjs
Error: ENOENT: no such file or directory, open 'C:\Users\Visha\Desktop\my_space\employee_directory\node_modules\@radix-ui\react-select\dist\index.mjs' @ webpack-internal:///(pages-dir-browser)/./node_modules/next/dist/client/components/react-dev-overlay/pages/client.js:85
[   65434ms] [ERROR] ./node_modules/@radix-ui/react-slot/dist/index.mjs
Error: ENOENT: no such file or directory, open 'C:\Users\Visha\Desktop\my_space\employee_directory\node_modules\@radix-ui\react-slot\dist\index.mjs' @ webpack-internal:///(pages-dir-browser)/./node_modules/next/dist/client/components/react-dev-overlay/pages/client.js:85
[   65434ms] [ERROR] ./node_modules/@radix-ui/react-slot/dist/index.mjs
Error: ENOENT: no such file or directory, open 'C:\Users\Visha\Desktop\my_space\employee_directory\node_modules\@radix-ui\react-slot\dist\index.mjs' @ webpack-internal:///(pages-dir-browser)/./node_modules/next/dist/client/components/react-dev-overlay/pages/client.js:85
[   65434ms] [WARNING] [HMR] Invalid message: {"action":"isrManifest","data":{}}
TypeError: Cannot read properties of undefined (reading '__N_SSP')
    at handleStaticIndicator (webpack-internal:///(pages-dir-browser)/./node_modules/next/dist/client/components/react-dev-overlay/pages/hot-reloader-client.js:229:124)
    at processMessage (webpack-internal:///(pages-dir-browser)/./node_modules/next/dist/client/components/react-dev-overlay/pages/hot-reloader-client.js:244:17)
    at eval (webpack-internal:///(pages-dir-browser)/./node_modules/next/dist/client/components/react-dev-overlay/pages/hot-reloader-client.js:70:13)
    at WebSocket.handleMessage (webpack-internal:///(pages-dir-browser)/./node_modules/next/dist/client/components/react-dev-overlay/pages/websocket.js:65:17) @ webpack-internal:///(pages-dir-browser)/./node_modules/next/dist/client/components/react-dev-overlay/pages/hot-reloader-client.js:72
[   71767ms] [WARNING] [HMR] Invalid message: {"action":"isrManifest","data":{}}
TypeError: Cannot read properties of undefined (reading '__N_SSP')
    at handleStaticIndicator (webpack-internal:///(pages-dir-browser)/./node_modules/next/dist/client/components/react-dev-overlay/pages/hot-reloader-client.js:229:124)
    at processMessage (webpack-internal:///(pages-dir-browser)/./node_modules/next/dist/client/components/react-dev-overlay/pages/hot-reloader-client.js:244:17)
    at eval (webpack-internal:///(pages-dir-browser)/./node_modules/next/dist/client/components/react-dev-overlay/pages/hot-reloader-client.js:70:13)
    at WebSocket.handleMessage (webpack-internal:///(pages-dir-browser)/./node_modules/next/dist/client/components/react-dev-overlay/pages/websocket.js:65:17) @ webpack-internal:///(pages-dir-browser)/./node_modules/next/dist/client/components/react-dev-overlay/pages/hot-reloader-client.js:72
[   71790ms] [ERROR] Failed to load resource: the server responded with a status of 500 (Internal Server Error) @ http://localhost:3000/:0
