[    5868ms] [ERROR] Failed to load resource: the server responded with a status of 500 (Internal Server Error) @ http://localhost:3000/:0
[    6109ms] [INFO] %cDownload the React DevTools for a better development experience: https://react.dev/link/react-devtools font-weight:bold @ webpack-internal:///(pages-dir-browser)/./node_modules/react-dom/cjs/react-dom-client.development.js:28004
[    6147ms] ModuleBuildError: Module build failed (from ./node_modules/next/dist/build/webpack/loaders/next-swc-loader.js):
Error:   × Unexpected token `DialogPortal`. Expected jsx identifier
    ╭─[C:\Users\Visha\Desktop\my_space\employee_directory\src\components\ui\dialog.tsx:36:1]
 33 │   React.ElementRef<typeof DialogPrimitive.Content>,
 34 │   React.ComponentPropsWithoutRef<typeof DialogPrimitive.Content>
 35 │ >(({ className, children, ...props }, ref) => (
 36 │   <DialogPortal>
    ·    ────────────
 37 │     <DialogOverlay />
 38 │     <DialogPrimitive.Content
 38 │       ref={ref}
    ╰────


Caused by:
    Syntax Error
    at processResult (file://C:\Users\Visha\Desktop\my_space\employee_directory\node_modules\next\dist\compiled\webpack\bundle5.js:29:407111)
    at <unknown> (file://C:\Users\Visha\Desktop\my_space\employee_directory\node_modules\next\dist\compiled\webpack\bundle5.js:29:408906)
    at <unknown> (file://C:\Users\Visha\Desktop\my_space\employee_directory\node_modules\next\dist\compiled\loader-runner\LoaderRunner.js:1:8645)
    at <unknown> (file://C:\Users\Visha\Desktop\my_space\employee_directory\node_modules\next\dist\compiled\loader-runner\LoaderRunner.js:1:5019)
    at r.callback (file://C:\Users\Visha\Desktop\my_space\employee_directory\node_modules\next\dist\compiled\loader-runner\LoaderRunner.js:1:4039)
[    6141ms] [LOG] [HMR] connected @ webpack-internal:///(pages-dir-browser)/./node_modules/next/dist/client/components/react-dev-overlay/pages/websocket.js:41
[    6144ms] [ERROR] ./src/components/ui/dialog.tsx
Error:   × Unexpected token `DialogPortal`. Expected jsx identifier
    ╭─[C:\Users\Visha\Desktop\my_space\employee_directory\src\components\ui\dialog.tsx:36:1]
 33 │   React.ElementRef<typeof DialogPrimitive.Content>,
 34 │   React.ComponentPropsWithoutRef<typeof DialogPrimitive.Content>
 35 │ >(({ className, children, ...props }, ref) => (
 36 │   <DialogPortal>
    ·    ────────────
 37 │     <DialogOverlay />
 38 │     <DialogPrimitive.Content
 38 │       ref={ref}
    ╰────

Caused by:
    Syntax Error @ webpack-internal:///(pages-dir-browser)/./node_modules/next/dist/client/components/react-dev-overlay/pages/client.js:85
[    6145ms] [ERROR] ./src/components/ui/card.tsx
Error:   × Unexpected token `div`. Expected jsx identifier
    ╭─[C:\Users\Visha\Desktop\my_space\employee_directory\src\components\ui\card.tsx:9:1]
  6 │   HTMLDivElement,
  7 │   React.HTMLAttributes<HTMLDivElement>
  8 │ >(({ className, ...props }, ref) => (
  9 │   <div
    ·    ───
 10 │     ref={ref}
 11 │     className={cn(
 11 │       "rounded-xl border bg-card text-card-foreground shadow",
    ╰────

Caused by:
    Syntax Error @ webpack-internal:///(pages-dir-browser)/./node_modules/next/dist/client/components/react-dev-overlay/pages/client.js:85
[    6145ms] [WARNING] [HMR] Invalid message: {"action":"isrManifest","data":{}}
TypeError: Cannot read properties of undefined (reading '__N_SSP')
    at handleStaticIndicator (webpack-internal:///(pages-dir-browser)/./node_modules/next/dist/client/components/react-dev-overlay/pages/hot-reloader-client.js:229:124)
    at processMessage (webpack-internal:///(pages-dir-browser)/./node_modules/next/dist/client/components/react-dev-overlay/pages/hot-reloader-client.js:244:17)
    at eval (webpack-internal:///(pages-dir-browser)/./node_modules/next/dist/client/components/react-dev-overlay/pages/hot-reloader-client.js:70:13)
    at WebSocket.handleMessage (webpack-internal:///(pages-dir-browser)/./node_modules/next/dist/client/components/react-dev-overlay/pages/websocket.js:65:17) @ webpack-internal:///(pages-dir-browser)/./node_modules/next/dist/client/components/react-dev-overlay/pages/hot-reloader-client.js:72
[    6158ms] [ERROR] Failed to load resource: the server responded with a status of 404 (Not Found) @ http://localhost:3000/favicon.ico:0
[   18835ms] [ERROR] ./src/components/ui/dialog.tsx
Error:   × Unexpected token `DialogPortal`. Expected jsx identifier
    ╭─[C:\Users\Visha\Desktop\my_space\employee_directory\src\components\ui\dialog.tsx:36:1]
 33 │   React.ElementRef<typeof DialogPrimitive.Content>,
 34 │   React.ComponentPropsWithoutRef<typeof DialogPrimitive.Content>
 35 │ >(({ className, children, ...props }, ref) => (
 36 │   <DialogPortal>
    ·    ────────────
 37 │     <DialogOverlay />
 38 │     <DialogPrimitive.Content
 38 │       ref={ref}
    ╰────

Caused by:
    Syntax Error

Import trace for requested module:
./src/components/ui/dialog.tsx
./src/components/AddEmployeeForm.tsx @ webpack-internal:///(pages-dir-browser)/./node_modules/next/dist/client/components/react-dev-overlay/pages/client.js:85
[   18835ms] [LOG] [Fast Refresh] rebuilding @ webpack-internal:///(pages-dir-browser)/./node_modules/next/dist/client/components/react-dev-overlay/pages/hot-reloader-client.js:251
[   19209ms] [ERROR] ./src/components/ui/card.tsx
Error:   × Unexpected token `div`. Expected jsx identifier
    ╭─[C:\Users\Visha\Desktop\my_space\employee_directory\src\components\ui\card.tsx:9:1]
  6 │   HTMLDivElement,
  7 │   React.HTMLAttributes<HTMLDivElement>
  8 │ >(({ className, ...props }, ref) => (
  9 │   <div
    ·    ───
 10 │     ref={ref}
 11 │     className={cn(
 11 │       "rounded-xl border bg-card text-card-foreground shadow",
    ╰────

Caused by:
    Syntax Error

Import trace for requested module:
./src/components/ui/card.tsx
./src/app/page.tsx @ webpack-internal:///(pages-dir-browser)/./node_modules/next/dist/client/components/react-dev-overlay/pages/client.js:85
