[   14672ms] [ERROR] Failed to load resource: the server responded with a status of 500 (Internal Server Error) @ http://localhost:3000/:0
[   15136ms] [INFO] %cDownload the React DevTools for a better development experience: https://react.dev/link/react-devtools font-weight:bold @ webpack-internal:///(pages-dir-browser)/./node_modules/react-dom/cjs/react-dom-client.development.js:28004
[   15229ms] ModuleBuildError: Module build failed (from ./node_modules/next/dist/build/webpack/loaders/postcss-loader/src/index.js):
Error: Cannot find module 'autoprefixer'
Require stack:
- C:\Users\Visha\Desktop\my_space\employee_directory\node_modules\next\dist\build\webpack\config\blocks\css\plugins.js
- C:\Users\Visha\Desktop\my_space\employee_directory\node_modules\next\dist\build\webpack\config\blocks\css\index.js
- C:\Users\Visha\Desktop\my_space\employee_directory\node_modules\next\dist\build\webpack\config\index.js
- C:\Users\Visha\Desktop\my_space\employee_directory\node_modules\next\dist\build\webpack-config.js
- C:\Users\Visha\Desktop\my_space\employee_directory\node_modules\next\dist\server\dev\hot-reloader-webpack.js
- C:\Users\Visha\Desktop\my_space\employee_directory\node_modules\next\dist\server\lib\router-utils\setup-dev-bundler.js
- C:\Users\Visha\Desktop\my_space\employee_directory\node_modules\next\dist\server\lib\router-server.js
- C:\Users\Visha\Desktop\my_space\employee_directory\node_modules\next\dist\server\lib\start-server.js
    at Module.<anonymous> (node:internal/modules/cjs/loader:1421:15)
    at C:\Users\Visha\Desktop\my_space\employee_directory\node_modules\next\dist\server\require-hook.js:55:36
    at require.resolve (node:internal/modules/helpers:163:19)
    at loadPlugin (C:\Users\Visha\Desktop\my_space\employee_directory\node_modules\next\dist\build\webpack\config\blocks\css\plugins.js:53:32)
    at C:\Users\Visha\Desktop\my_space\employee_directory\node_modules\next\dist\build\webpack\config\blocks\css\plugins.js:185:56
    at Array.map (<anonymous>)
    at getPostCssPlugins (C:\Users\Visha\Desktop\my_space\employee_directory\node_modules\next\dist\build\webpack\config\blocks\css\plugins.js:185:47)
    at async C:\Users\Visha\Desktop\my_space\employee_directory\node_modules\next\dist\build\webpack\config\blocks\css\index.js:125:36
    at async C:\Users\Visha\Desktop\my_space\employee_directory\node_modules\next\dist\build\webpack\loaders\postcss-loader\src\index.js:52:40
    at async Span.traceAsyncFn (C:\Users\Visha\Desktop\my_space\employee_directory\node_modules\next\dist\trace\trace.js:157:20)
    at Module.<anonymous> (node:internal/modules/cjs/loader:1421:15)
    at C:\Users\Visha\Desktop\my_space\employee_directory\node_modules\next\dist\server\require-hook.js:55:36
    at require.resolve (node:internal/modules/helpers:163:19)
    at loadPlugin (C:\Users\Visha\Desktop\my_space\employee_directory\node_modules\next\dist\build\webpack\config\blocks\css\plugins.js:53:32)
    at C:\Users\Visha\Desktop\my_space\employee_directory\node_modules\next\dist\build\webpack\config\blocks\css\plugins.js:185:56
    at Array.map (<anonymous>)
    at getPostCssPlugins (C:\Users\Visha\Desktop\my_space\employee_directory\node_modules\next\dist\build\webpack\config\blocks\css\plugins.js:185:47)
    at async C:\Users\Visha\Desktop\my_space\employee_directory\node_modules\next\dist\build\webpack\config\blocks\css\index.js:125:36
    at async C:\Users\Visha\Desktop\my_space\employee_directory\node_modules\next\dist\build\webpack\loaders\postcss-loader\src\index.js:52:40
    at async Span.traceAsyncFn (C:\Users\Visha\Desktop\my_space\employee_directory\node_modules\next\dist\trace\trace.js:157:20)
    at Module.<anonymous> (node:internal/modules/cjs/loader:1421:15)
    at <unknown> (file://C:\Users\Visha\Desktop\my_space\employee_directory\node_modules\next\dist\server\require-hook.js:55:36)
    at require.resolve (node:internal/modules/helpers:163:19)
    at loadPlugin (file://C:\Users\Visha\Desktop\my_space\employee_directory\node_modules\next\dist\build\webpack\config\blocks\css\plugins.js:53:32)
    at <unknown> (file://C:\Users\Visha\Desktop\my_space\employee_directory\node_modules\next\dist\build\webpack\config\blocks\css\plugins.js:185:56)
    at Array.map (<anonymous>)
    at getPostCssPlugins (file://C:\Users\Visha\Desktop\my_space\employee_directory\node_modules\next\dist\build\webpack\config\blocks\css\plugins.js:185:47)
    at async (file://C:\Users\Visha\Desktop\my_space\employee_directory\node_modules\next\dist\build\webpack\config\blocks\css\index.js:125:36)
    at async (file://C:\Users\Visha\Desktop\my_space\employee_directory\node_modules\next\dist\build\webpack\loaders\postcss-loader\src\index.js:52:40)
    at async Span.traceAsyncFn (file://C:\Users\Visha\Desktop\my_space\employee_directory\node_modules\next\dist\trace\trace.js:157:20)
    at processResult (file://C:\Users\Visha\Desktop\my_space\employee_directory\node_modules\next\dist\compiled\webpack\bundle5.js:29:407111)
    at <unknown> (file://C:\Users\Visha\Desktop\my_space\employee_directory\node_modules\next\dist\compiled\webpack\bundle5.js:29:408906)
    at <unknown> (file://C:\Users\Visha\Desktop\my_space\employee_directory\node_modules\next\dist\compiled\loader-runner\LoaderRunner.js:1:8645)
    at <unknown> (file://C:\Users\Visha\Desktop\my_space\employee_directory\node_modules\next\dist\compiled\loader-runner\LoaderRunner.js:1:5828)
    at r.callback (file://C:\Users\Visha\Desktop\my_space\employee_directory\node_modules\next\dist\compiled\loader-runner\LoaderRunner.js:1:4039)
    at <unknown> (file://C:\Users\Visha\Desktop\my_space\employee_directory\node_modules\next\dist\build\webpack\loaders\postcss-loader\src\index.js:122:37)
[   15227ms] [LOG] [HMR] connected @ webpack-internal:///(pages-dir-browser)/./node_modules/next/dist/client/components/react-dev-overlay/pages/websocket.js:41
[   15233ms] [ERROR] ./src/app/globals.css.webpack[javascript/auto]!=!./node_modules/next/dist/build/webpack/loaders/css-loader/src/index.js??ruleSet[1].rules[13].oneOf[10].use[2]!./node_modules/next/dist/build/webpack/loaders/postcss-loader/src/index.js??ruleSet[1].rules[13].oneOf[10].use[3]!./src/app/globals.css
Error: Cannot find module 'autoprefixer'
Require stack:
- C:\Users\Visha\Desktop\my_space\employee_directory\node_modules\next\dist\build\webpack\config\blocks\css\plugins.js
- C:\Users\Visha\Desktop\my_space\employee_directory\node_modules\next\dist\build\webpack\config\blocks\css\index.js
- C:\Users\Visha\Desktop\my_space\employee_directory\node_modules\next\dist\build\webpack\config\index.js
- C:\Users\Visha\Desktop\my_space\employee_directory\node_modules\next\dist\build\webpack-config.js
- C:\Users\Visha\Desktop\my_space\employee_directory\node_modules\next\dist\server\dev\hot-reloader-webpack.js
- C:\Users\Visha\Desktop\my_space\employee_directory\node_modules\next\dist\server\lib\router-utils\setup-dev-bundler.js
- C:\Users\Visha\Desktop\my_space\employee_directory\node_modules\next\dist\server\lib\router-server.js
- C:\Users\Visha\Desktop\my_space\employee_directory\node_modules\next\dist\server\lib\start-server.js
    at Array.map (<anonymous>) @ webpack-internal:///(pages-dir-browser)/./node_modules/next/dist/client/components/react-dev-overlay/pages/client.js:85
[   15234ms] [ERROR] ./src/app/globals.css
Error: Cannot find module 'autoprefixer'
Require stack:
- C:\Users\Visha\Desktop\my_space\employee_directory\node_modules\next\dist\build\webpack\config\blocks\css\plugins.js
- C:\Users\Visha\Desktop\my_space\employee_directory\node_modules\next\dist\build\webpack\config\blocks\css\index.js
- C:\Users\Visha\Desktop\my_space\employee_directory\node_modules\next\dist\build\webpack\config\index.js
- C:\Users\Visha\Desktop\my_space\employee_directory\node_modules\next\dist\build\webpack-config.js
- C:\Users\Visha\Desktop\my_space\employee_directory\node_modules\next\dist\server\dev\hot-reloader-webpack.js
- C:\Users\Visha\Desktop\my_space\employee_directory\node_modules\next\dist\server\lib\router-utils\setup-dev-bundler.js
- C:\Users\Visha\Desktop\my_space\employee_directory\node_modules\next\dist\server\lib\router-server.js
- C:\Users\Visha\Desktop\my_space\employee_directory\node_modules\next\dist\server\lib\start-server.js
    at Array.map (<anonymous>)
-- inner error --
Error: Cannot find module 'autoprefixer'
Require stack:
- C:\Users\Visha\Desktop\my_space\employee_directory\node_modules\next\dist\build\webpack\config\blocks\css\plugins.js
- C:\Users\Visha\Desktop\my_space\employee_directory\node_modules\next\dist\build\webpack\config\blocks\css\index.js
- C:\Users\Visha\Desktop\my_space\employee_directory\node_modules\next\dist\build\webpack\config\index.js
- C:\Users\Visha\Desktop\my_space\employee_directory\node_modules\next\dist\build\webpack-config.js
- C:\Users\Visha\Desktop\my_space\employee_directory\node_modules\next\dist\server\dev\hot-reloader-webpack.js
- C:\Users\Visha\Desktop\my_space\employee_directory\node_modules\next\dist\server\lib\router-utils\setup-dev-bundler.js
- C:\Users\Visha\Desktop\my_space\employee_directory\node_modules\next\dist\server\lib\router-server.js
- C:\Users\Visha\Desktop\my_space\employee_directory\node_modules\next\dist\server\lib\start-server.js
    at Array.map (<anonymous>)
Generated code for C:\Users\Visha\Desktop\my_space\employee_directory\node_modules\next\dist\build\webpack\loaders\css-loader\src\index.js??ruleSet[1].rules[13].oneOf[10].use[2]!C:\Users\Visha\Desktop\my_space\employee_directory\node_modules\next\dist\build\webpack\loaders\postcss-loader\src\index.js??ruleSet[1].rules[13].oneOf[10].use[3]!C:\Users\Visha\Desktop\my_space\employee_directory\src\app\globals.css @ webpack-internal:///(pages-dir-browser)/./node_modules/next/dist/client/components/react-dev-overlay/pages/client.js:85
[   15235ms] [WARNING] [HMR] Invalid message: {"action":"isrManifest","data":{}}
TypeError: Cannot read properties of undefined (reading '__N_SSP')
    at handleStaticIndicator (webpack-internal:///(pages-dir-browser)/./node_modules/next/dist/client/components/react-dev-overlay/pages/hot-reloader-client.js:229:124)
    at processMessage (webpack-internal:///(pages-dir-browser)/./node_modules/next/dist/client/components/react-dev-overlay/pages/hot-reloader-client.js:244:17)
    at eval (webpack-internal:///(pages-dir-browser)/./node_modules/next/dist/client/components/react-dev-overlay/pages/hot-reloader-client.js:70:13)
    at WebSocket.handleMessage (webpack-internal:///(pages-dir-browser)/./node_modules/next/dist/client/components/react-dev-overlay/pages/websocket.js:65:17) @ webpack-internal:///(pages-dir-browser)/./node_modules/next/dist/client/components/react-dev-overlay/pages/hot-reloader-client.js:72
